<html>
<body>
<pre>
<h1>µVision Build Log</h1>
<h2>Project:</h2>
C:\Users\Timmy\Documents\UTAustinX_EmbeddedSystems\Lab6_BranchingFunctionsDelays\Lab6.uvproj
Project File Date:  04/05/2020

<h2>Output:</h2>
Build target 'Lab6'
compiling BranchingFunctionsDelays.c...
BranchingFunctionsDelays.c(72): warning:  #550-D: parameter "delay" was set but never used
  void PortF_Init(volatile unsigned long delay) {
BranchingFunctionsDelays.c: 1 warning, 0 errors
linking...
Program Size: Code=3716 RO-data=5996 RW-data=56 ZI-data=1752  
".\Lab6.axf" - 0 Error(s), 1 Warning(s).
</pre>
</body>
</html>
cuments\\UTAustinX_EmbeddedSystems\\Lab6_BranchingFunctionsDelays\\Lab6.axf" 
Connecting: Mode=JTAG, Speed=1000000Hz
Erase Done.
Programming Done.
Verify OK.
