<html>
<body>
<pre>
<h1>µVision Build Log</h1>
<h2>Project:</h2>
C:\Users\Timmy\Documents\UTAustinX_EmbeddedSystems\Lab14_VirtualMeasurementOfDistance\Lab14.uvproj
Project File Date:  05/27/2020

<h2>Output:</h2>
Build target 'Lab14'
linking...
Program Size: Code=13384 RO-data=7712 RW-data=124 ZI-data=1764  
".\Lab14.axf" - 0 Error(s), 0 Warning(s).
Load "C:\\Users\\Timmy\\Documents\\UTAustinX_EmbeddedSystems\\Lab14_VirtualMeasurementOfDistance\\Lab14.axf" 
Connecting: Mode=JTAG, Speed=1000000Hz
Connection failed!, error code=&d
Error: Flash Download failed  -  Target DLL has been cancelled
Load "C:\\Users\\Timmy\\Documents\\UTAustinX_EmbeddedSystems\\Lab14_VirtualMeasurementOfDistance\\Lab14.axf" 
Connecting: Mode=JTAG, Speed=1000000Hz
Erase Done.
Programming Done.
Verify OK.
</pre>
</body>
</html>
