<html>
<body>
<pre>
<h1>µVision Build Log</h1>
<h2>Project:</h2>
C:\Users\Timmy\Documents\UTAustinX_EmbeddedSystems\Lab13_DAC\Lab13.uvproj
Project File Date:  05/23/2020

<h2>Output:</h2>
Build target 'Lab13'
linking...
Program Size: Code=6268 RO-data=9484 RW-data=88 ZI-data=1816  
".\Lab13.axf" - 0 Error(s), 0 Warning(s).
Load "C:\\Users\\Timmy\\Documents\\UTAustinX_EmbeddedSystems\\Lab13_DAC\\Lab13.axf" 
Connecting: Mode=JTAG, Speed=1000000Hz
Erase Done.
Programming Done.
Verify OK.
Error: Target DLL has been cancelled. Debugger aborted !
</pre>
</body>
</html>
