<html>
<body>
<pre>
<h1>µVision Build Log</h1>
<h2>Project:</h2>
C:\Users\Timmy\Documents\UTAustinX_EmbeddedSystems\Lab11_UART\Lab11.uvproj
Project File Date:  05/15/2020

<h2>Output:</h2>
Build target 'Lab11'
compiling UART.c...
linking...
Program Size: Code=8848 RO-data=840 RW-data=44 ZI-data=1764  
".\Lab11.axf" - 0 Error(s), 0 Warning(s).
Load "C:\\Users\\Timmy\\Documents\\UTAustinX_EmbeddedSystems\\Lab11_UART\\Lab11.axf" 
Connecting: Mode=JTAG, Speed=1000000Hz
Erase Done.
Programming Done.
Verify OK.
</pre>
</body>
</html>
