<html>
<body>
<pre>
<h1>µVision Build Log</h1>
<h2>Project:</h2>
C:\Users\Timmy\Documents\UTAustinX_EmbeddedSystems\Lab16_IoT\getWeather.uvproj
Project File Date:  05/29/2020

<h2>Output:</h2>
Build target 'getWeather'
linking...
Program Size: Code=15028 RO-data=2292 RW-data=56 ZI-data=19816  
After Build - User command #1: fromelf --bin --output .\rvmdk\cc31000_starter.bin .\rvmdk\cc31000_starter.axf
".\rvmdk\getWeather.axf" - 0 Error(s), 0 Warning(s).
Load "C:\\Users\\Timmy\\Documents\\UTAustinX_EmbeddedSystems\\Lab16_IoT\\rvmdk\\getWeather.axf" 
Connecting: Mode=JTAG, Speed=1000000Hz
Erase Done.
Programming Done.
Verify OK.
</pre>
</body>
</html>
: Target DLL has been cancelled. Debugger aborted !
\getWeather.axf" 
Connecting: Mode=JTAG, Speed=1000000Hz
Erase Done.
Programming Done.
Verify OK.
ng: Mode=JTAG, Speed=1000000Hz
Connection failed!, error code=&d
Error: Flash Download failed  -  Target DLL has been cancelled
